### Section compile
DISPLAY=%DISPLAY%
HOME=%HOME%
LANG=en_US.UTF-8 \
MY_ENV_VAR=x \
PATH=/bin:/usr/bin \
    %JDKHOME%/bin/javac \
        -J-Dmy.vm.option=x \
        -J-Dtest.src=%WS%/src/share/test/javatest/regtest/data/rerun/std \
        -J-Dtest.src.path=%WS%/src/share/test/javatest/regtest/data/rerun/std \
        -J-Dtest.classes=%WS%/build/RerunTest.othervm/work/classes/std \
        -J-Dtest.class.path=%WS%/build/RerunTest.othervm/work/classes/std \
        -J-Dtest.vm.opts=-Dmy.vm.option=x \
        -J-Dtest.tool.vm.opts=-J-Dmy.vm.option=x \
        -J-Dtest.compiler.opts=-XDmy.javac.option=x \
        -J-Dtest.java.opts=-Dmy.java.option=x \
        -J-Dtest.jdk=%JDKHOME% \
        -J-Dcompile.jdk=%JDKHOME% \
        -J-Dtest.timeout.factor=1.0 \
        -XDmy.javac.option=x -d %WS%/build/RerunTest.othervm/work/classes/std -classpath %WS%/build/images/jtreg/lib/javatest.jar:%WS%/build/images/jtreg/lib/jtreg.jar:%WS%/build/RerunTest.othervm/work/classes/std:%WS%/src/share/test/javatest/regtest/data/rerun/std:%JDKHOME%/lib/tools.jar -sourcepath %WS%/src/share/test/javatest/regtest/data/rerun/std %WS%/src/share/test/javatest/regtest/data/rerun/std/CompileTest.java

