### Section shell
DISPLAY=%DISPLAY%
HOME=%HOME%
LANG=en_US.UTF-8 \
PATH=/bin:/usr/bin \
TESTSRC=%WS%/src/share/test/javatest/regtest/data/rerun/std \
TESTSRCPATH=%WS%/src/share/test/javatest/regtest/data/rerun/std \
TESTCLASSES=%WS%/build/RerunTest.samevm/work/classes/std \
TESTCLASSPATH=%WS%/build/RerunTest.samevm/work/classes/std \
COMPILEJAVA=%JDKHOME% \
TESTJAVA=%JDKHOME% \
TESTVMOPTS=-Dmy.vm.option=x \
TESTTOOLVMOPTS=-J-Dmy.vm.option=x \
TESTJAVACOPTS= \
TESTJAVAOPTS= \
TESTTIMEOUTFACTOR=1.0 \
    sh \
        %WS%/src/share/test/javatest/regtest/data/rerun/std/ShellTest.sh

